{
  "summary": "This is a _project_ summary with two paragraphs. \nLorem ipsum dolor sit amet consectetuer **adipiscing** elit. \nAliquam hendreritmi posuere lectus.\n\nVestibulum `enim wisi` viverra nec fringilla in laoreet\nvitae risus. Donec sit amet nisl. Aliquam [semper](?) ipsum\nsit amet velit.",
  "items": []
}